Input #0, image2, from '/opt/g-harness/workspace/G12/node_6_step_127/repo/evidence/opposition/rerun-active/frame_%05d.png':
  Duration: 00:00:30.03, start: 0.000000, bitrate: N/A
  Stream #0:0: Video: png, rgba(pc, gbr/bt709/iec61966-2-1), 1280x720, 30 fps, 30 tbr, 30 tbn
Stream mapping:
  Stream #0:0 -> #0:0 (png (native) -> h264 (libx264))
Press [q] to stop, [?] for help
[libx264 @ 0x579ee2807d00] using cpu capabilities: MMX2 SSE2Fast SSSE3 SSE4.2 AVX FMA3 BMI2 AVX2 AVX512
[libx264 @ 0x579ee2807d00] profile High, level 3.1, 4:2:0, 8-bit
[libx264 @ 0x579ee2807d00] 264 - core 165 - H.264/MPEG-4 AVC codec - Copyleft 2003-2025 - http://www.videolan.org/x264.html - options: cabac=1 ref=2 deblock=1:0:0 analyse=0x3:0x113 me=hex subme=6 psy=1 psy_rd=1.00:0.00 mixed_ref=1 me_range=16 chroma_me=1 trellis=1 8x8dct=1 cqm=0 deadzone=21,11 fast_pskip=1 chroma_qp_offset=-2 threads=6 lookahead_threads=1 sliced_threads=0 nr=0 decimate=1 interlaced=0 bluray_compat=0 constrained_intra=0 bframes=3 b_pyramid=2 b_adapt=1 b_bias=0 direct=1 weightb=1 open_gop=0 weightp=1 keyint=250 keyint_min=25 scenecut=40 intra_refresh=0 rc_lookahead=30 rc=crf mbtree=1 crf=23.0 qcomp=0.60 qpmin=0 qpmax=69 qpstep=4 ip_ratio=1.40 aq=1:1.00
Output #0, mp4, to '/opt/g-harness/workspace/G12/node_6_step_127/repo/evidence/opposition/rerun-active/runtime.mp4':
  Metadata:
    encoder         : Lavf62.3.100
  Stream #0:0: Video: h264 (avc1 / 0x31637661), yuv420p(tv, unknown/bt709/iec61966-2-1, progressive), 1280x720, q=2-31, 30 fps, 15360 tbn
    Metadata:
      encoder         : Lavc62.11.100 libx264
    Side data:
      cpb: bitrate max/min/avg: 0/0/0 buffer size: 0 vbv_delay: N/A
frame=   61 fps=0.0 q=29.0 size=       0KiB time=00:00:01.96 bitrate=   0.2kbits/s speed=3.92x elapsed=0:00:00.50    frame=  168 fps=168 q=29.0 size=       0KiB time=00:00:05.53 bitrate=   0.1kbits/s speed=5.52x elapsed=0:00:01.00    frame=  271 fps=180 q=29.0 size=     256KiB time=00:00:08.96 bitrate= 233.9kbits/s speed=5.96x elapsed=0:00:01.50    frame=  382 fps=191 q=29.0 size=     256KiB time=00:00:12.66 bitrate= 165.6kbits/s speed=6.32x elapsed=0:00:02.00    frame=  493 fps=197 q=29.0 size=     256KiB time=00:00:16.36 bitrate= 128.2kbits/s speed=6.54x elapsed=0:00:02.50    frame=  603 fps=201 q=29.0 size=     256KiB time=00:00:20.03 bitrate= 104.7kbits/s speed=6.66x elapsed=0:00:03.00    frame=  715 fps=204 q=29.0 size=     256KiB time=00:00:23.76 bitrate=  88.3kbits/s speed=6.78x elapsed=0:00:03.50    frame=  823 fps=205 q=29.0 size=     256KiB time=00:00:27.36 bitrate=  76.6kbits/s speed=6.83x elapsed=0:00:04.00    [out#0/mp4 @ 0x579ee2806540] video:448KiB audio:0KiB subtitle:0KiB other streams:0KiB global headers:0KiB muxing overhead: 2.535744%
frame=  901 fps=214 q=-1.0 Lsize=     460KiB time=00:00:29.96 bitrate= 125.7kbits/s speed= 7.1x elapsed=0:00:04.21    
[libx264 @ 0x579ee2807d00] frame I:4     Avg QP:17.17  size: 33574
[libx264 @ 0x579ee2807d00] frame P:227   Avg QP:15.34  size:   637
[libx264 @ 0x579ee2807d00] frame B:670   Avg QP:17.53  size:   268
[libx264 @ 0x579ee2807d00] consecutive B-frames:  0.4%  0.7%  1.7% 97.2%
[libx264 @ 0x579ee2807d00] mb I  I16..4: 15.8% 64.3% 19.9%
[libx264 @ 0x579ee2807d00] mb P  I16..4:  0.0%  0.1%  0.1%  P16..4:  0.3%  0.2%  0.2%  0.0%  0.0%    skip:99.2%
[libx264 @ 0x579ee2807d00] mb B  I16..4:  0.0%  0.0%  0.0%  B16..8:  0.2%  0.2%  0.1%  direct: 0.1%  skip:99.5%  L0:42.5% L1:43.3% BI:14.2%
[libx264 @ 0x579ee2807d00] 8x8 transform intra:58.2% inter:2.3%
[libx264 @ 0x579ee2807d00] coded y,uvDC,uvAC intra: 15.3% 15.4% 11.8% inter: 0.2% 0.2% 0.1%
[libx264 @ 0x579ee2807d00] i16 v,h,dc,p: 43% 43% 14%  0%
[libx264 @ 0x579ee2807d00] i8 v,h,dc,ddl,ddr,vr,hd,vl,hu: 66% 22% 12%  0%  0%  0%  0%  0%  0%
[libx264 @ 0x579ee2807d00] i4 v,h,dc,ddl,ddr,vr,hd,vl,hu: 43% 21% 15%  3%  2%  5%  2%  6%  2%
[libx264 @ 0x579ee2807d00] i8c dc,h,v,p: 81% 13%  5%  1%
[libx264 @ 0x579ee2807d00] Weighted P-Frames: Y:0.0% UV:0.0%
[libx264 @ 0x579ee2807d00] ref P L0: 71.3% 28.7%
[libx264 @ 0x579ee2807d00] ref B L0: 85.7% 14.3%
[libx264 @ 0x579ee2807d00] ref B L1: 94.2%  5.8%
[libx264 @ 0x579ee2807d00] kb/s:122.15
