ffmpeg version 8.0.1-3ubuntu2 Copyright (c) 2000-2025 the FFmpeg developers
  built with gcc 15 (Ubuntu 15.2.0-13ubuntu3)
  configuration: --prefix=/usr --extra-version=3ubuntu2 --toolchain=hardened --libdir=/usr/lib/x86_64-linux-gnu --incdir=/usr/include/x86_64-linux-gnu --arch=amd64 --enable-gpl --disable-stripping --disable-pocketsphinx --disable-libcaca --disable-libmfx --disable-omx --enable-gnutls --enable-libaom --enable-libass --enable-libbs2b --enable-libcdio --enable-libcodec2 --enable-libdav1d --enable-libflite --enable-libfontconfig --enable-libfreetype --enable-libfribidi --enable-libglslang --enable-libgme --enable-libgsm --enable-libharfbuzz --enable-libmp3lame --enable-libmysofa --enable-libopenjpeg --enable-libopenmpt --enable-libopus --enable-librubberband --enable-libshine --enable-libsnappy --enable-libsoxr --enable-libspeex --enable-libtheora --enable-libtwolame --enable-libvidstab --enable-libvorbis --enable-libvpx --enable-libwebp --enable-libx265 --enable-libxml2 --enable-libxvid --enable-libzimg --enable-openal --enable-opencl --enable-opengl --disable-sndio --enable-libvpl --enable-libdc1394 --enable-libdrm --enable-libiec61883 --enable-chromaprint --enable-frei0r --enable-ladspa --enable-libbluray --enable-libdvdnav --enable-libdvdread --enable-libjack --enable-libjxl --enable-libpulse --enable-librabbitmq --enable-librist --enable-libsrt --enable-libssh --enable-libsvtav1 --enable-libx264 --enable-libzmq --enable-libzvbi --enable-lv2 --enable-sdl2 --enable-libplacebo --enable-librav1e --enable-librsvg --enable-shared
  libavutil      60.  8.100 / 60.  8.100
  libavcodec     62. 11.100 / 62. 11.100
  libavformat    62.  3.100 / 62.  3.100
  libavdevice    62.  1.100 / 62.  1.100
  libavfilter    11.  4.100 / 11.  4.100
  libswscale      9.  1.100 /  9.  1.100
  libswresample   6.  1.100 /  6.  1.100
[aist#0:1/pcm_s32le @ 0x565a80bb4dc0] Guessed Channel Layout: stereo
Input #0, avi, from '/opt/g-harness/workspace/G12/node_1_step_112/repo/evidence/run2/movie.avi':
  Duration: 00:00:07.00, start: 0.000000, bitrate: 16020 kb/s
  Stream #0:0: Video: mjpeg (Baseline) (MJPG / 0x47504A4D), yuvj420p(pc, bt470bg/unknown/unknown), 960x540 [SAR 1:1 DAR 16:9], 12956 kb/s, 60 fps, 60 tbr, 60 tbn
  Stream #0:1: Audio: pcm_s32le ([1][0][0][0] / 0x0001), 48000 Hz, stereo, s32, 3072 kb/s
Stream mapping:
  Stream #0:1 -> #0:0 (pcm_s32le (native) -> pcm_s16le (native))
Press [q] to stop, [?] for help
Output #0, wav, to '/opt/g-harness/workspace/G12/node_1_step_112/repo/evidence/run2/audio.wav':
  Metadata:
    ISFT            : Lavf62.3.100
  Stream #0:0: Audio: pcm_s16le ([1][0][0][0] / 0x0001), 48000 Hz, stereo, s16, 1536 kb/s
    Metadata:
      encoder         : Lavc62.11.100 pcm_s16le
[out#0/wav @ 0x565a80bb5000] video:0KiB audio:1312KiB subtitle:0KiB other streams:0KiB global headers:0KiB muxing overhead: 0.005804%
size=    1313KiB time=00:00:07.00 bitrate=1536.1kbits/s speed= 853x elapsed=0:00:00.00    
ffmpeg version 8.0.1-3ubuntu2 Copyright (c) 2000-2025 the FFmpeg developers
  built with gcc 15 (Ubuntu 15.2.0-13ubuntu3)
  configuration: --prefix=/usr --extra-version=3ubuntu2 --toolchain=hardened --libdir=/usr/lib/x86_64-linux-gnu --incdir=/usr/include/x86_64-linux-gnu --arch=amd64 --enable-gpl --disable-stripping --disable-pocketsphinx --disable-libcaca --disable-libmfx --disable-omx --enable-gnutls --enable-libaom --enable-libass --enable-libbs2b --enable-libcdio --enable-libcodec2 --enable-libdav1d --enable-libflite --enable-libfontconfig --enable-libfreetype --enable-libfribidi --enable-libglslang --enable-libgme --enable-libgsm --enable-libharfbuzz --enable-libmp3lame --enable-libmysofa --enable-libopenjpeg --enable-libopenmpt --enable-libopus --enable-librubberband --enable-libshine --enable-libsnappy --enable-libsoxr --enable-libspeex --enable-libtheora --enable-libtwolame --enable-libvidstab --enable-libvorbis --enable-libvpx --enable-libwebp --enable-libx265 --enable-libxml2 --enable-libxvid --enable-libzimg --enable-openal --enable-opencl --enable-opengl --disable-sndio --enable-libvpl --enable-libdc1394 --enable-libdrm --enable-libiec61883 --enable-chromaprint --enable-frei0r --enable-ladspa --enable-libbluray --enable-libdvdnav --enable-libdvdread --enable-libjack --enable-libjxl --enable-libpulse --enable-librabbitmq --enable-librist --enable-libsrt --enable-libssh --enable-libsvtav1 --enable-libx264 --enable-libzmq --enable-libzvbi --enable-lv2 --enable-sdl2 --enable-libplacebo --enable-librav1e --enable-librsvg --enable-shared
  libavutil      60.  8.100 / 60.  8.100
  libavcodec     62. 11.100 / 62. 11.100
  libavformat    62.  3.100 / 62.  3.100
  libavdevice    62.  1.100 / 62.  1.100
  libavfilter    11.  4.100 / 11.  4.100
  libswscale      9.  1.100 /  9.  1.100
  libswresample   6.  1.100 /  6.  1.100
[aist#0:1/pcm_s32le @ 0x5ee9524bd800] Guessed Channel Layout: stereo
Input #0, avi, from '/opt/g-harness/workspace/G12/node_1_step_112/repo/evidence/run2/movie.avi':
  Duration: 00:00:07.00, start: 0.000000, bitrate: 16020 kb/s
  Stream #0:0: Video: mjpeg (Baseline) (MJPG / 0x47504A4D), yuvj420p(pc, bt470bg/unknown/unknown), 960x540 [SAR 1:1 DAR 16:9], 12956 kb/s, 60 fps, 60 tbr, 60 tbn
  Stream #0:1: Audio: pcm_s32le ([1][0][0][0] / 0x0001), 48000 Hz, stereo, s32, 3072 kb/s
Stream mapping:
  Stream #0:0 -> #0:0 (mjpeg (native) -> png (native))
Press [q] to stop, [?] for help
[swscaler @ 0x7e79a0013300] deprecated pixel format used, make sure you did set range correctly
Output #0, image2, to '/opt/g-harness/workspace/G12/node_1_step_112/repo/evidence/run2/launch.png':
  Metadata:
    encoder         : Lavf62.3.100
  Stream #0:0: Video: png, rgb24(pc, gbr/unknown/unknown, progressive), 960x540 [SAR 1:1 DAR 16:9], q=2-31, 200 kb/s, 60 fps, 60 tbn
    Metadata:
      encoder         : Lavc62.11.100 png
[out#0/image2 @ 0x5ee9524bda00] video:125KiB audio:0KiB subtitle:0KiB other streams:0KiB global headers:0KiB muxing overhead: unknown
frame=    1 fps=0.0 q=-0.0 Lsize=N/A time=00:00:00.01 bitrate=N/A speed=0.643x elapsed=0:00:00.02    
ffmpeg version 8.0.1-3ubuntu2 Copyright (c) 2000-2025 the FFmpeg developers
  built with gcc 15 (Ubuntu 15.2.0-13ubuntu3)
  configuration: --prefix=/usr --extra-version=3ubuntu2 --toolchain=hardened --libdir=/usr/lib/x86_64-linux-gnu --incdir=/usr/include/x86_64-linux-gnu --arch=amd64 --enable-gpl --disable-stripping --disable-pocketsphinx --disable-libcaca --disable-libmfx --disable-omx --enable-gnutls --enable-libaom --enable-libass --enable-libbs2b --enable-libcdio --enable-libcodec2 --enable-libdav1d --enable-libflite --enable-libfontconfig --enable-libfreetype --enable-libfribidi --enable-libglslang --enable-libgme --enable-libgsm --enable-libharfbuzz --enable-libmp3lame --enable-libmysofa --enable-libopenjpeg --enable-libopenmpt --enable-libopus --enable-librubberband --enable-libshine --enable-libsnappy --enable-libsoxr --enable-libspeex --enable-libtheora --enable-libtwolame --enable-libvidstab --enable-libvorbis --enable-libvpx --enable-libwebp --enable-libx265 --enable-libxml2 --enable-libxvid --enable-libzimg --enable-openal --enable-opencl --enable-opengl --disable-sndio --enable-libvpl --enable-libdc1394 --enable-libdrm --enable-libiec61883 --enable-chromaprint --enable-frei0r --enable-ladspa --enable-libbluray --enable-libdvdnav --enable-libdvdread --enable-libjack --enable-libjxl --enable-libpulse --enable-librabbitmq --enable-librist --enable-libsrt --enable-libssh --enable-libsvtav1 --enable-libx264 --enable-libzmq --enable-libzvbi --enable-lv2 --enable-sdl2 --enable-libplacebo --enable-librav1e --enable-librsvg --enable-shared
  libavutil      60.  8.100 / 60.  8.100
  libavcodec     62. 11.100 / 62. 11.100
  libavformat    62.  3.100 / 62.  3.100
  libavdevice    62.  1.100 / 62.  1.100
  libavfilter    11.  4.100 / 11.  4.100
  libswscale      9.  1.100 /  9.  1.100
  libswresample   6.  1.100 /  6.  1.100
[aist#0:1/pcm_s32le @ 0x59df5c4cb800] Guessed Channel Layout: stereo
Input #0, avi, from '/opt/g-harness/workspace/G12/node_1_step_112/repo/evidence/run2/movie.avi':
  Duration: 00:00:07.00, start: 0.000000, bitrate: 16020 kb/s
  Stream #0:0: Video: mjpeg (Baseline) (MJPG / 0x47504A4D), yuvj420p(pc, bt470bg/unknown/unknown), 960x540 [SAR 1:1 DAR 16:9], 12956 kb/s, 60 fps, 60 tbr, 60 tbn
  Stream #0:1: Audio: pcm_s32le ([1][0][0][0] / 0x0001), 48000 Hz, stereo, s32, 3072 kb/s
Stream mapping:
  Stream #0:0 -> #0:0 (mjpeg (native) -> png (native))
Press [q] to stop, [?] for help
[swscaler @ 0x77bfb4013300] deprecated pixel format used, make sure you did set range correctly
Output #0, image2, to '/opt/g-harness/workspace/G12/node_1_step_112/repo/evidence/run2/airborne.png':
  Metadata:
    encoder         : Lavf62.3.100
  Stream #0:0: Video: png, rgb24(pc, gbr/unknown/unknown, progressive), 960x540 [SAR 1:1 DAR 16:9], q=2-31, 200 kb/s, 60 fps, 60 tbn
    Metadata:
      encoder         : Lavc62.11.100 png
[out#0/image2 @ 0x59df5c4cba00] video:130KiB audio:0KiB subtitle:0KiB other streams:0KiB global headers:0KiB muxing overhead: unknown
frame=    1 fps=0.0 q=-0.0 Lsize=N/A time=00:00:00.01 bitrate=N/A speed=0.69x elapsed=0:00:00.02    
ffmpeg version 8.0.1-3ubuntu2 Copyright (c) 2000-2025 the FFmpeg developers
  built with gcc 15 (Ubuntu 15.2.0-13ubuntu3)
  configuration: --prefix=/usr --extra-version=3ubuntu2 --toolchain=hardened --libdir=/usr/lib/x86_64-linux-gnu --incdir=/usr/include/x86_64-linux-gnu --arch=amd64 --enable-gpl --disable-stripping --disable-pocketsphinx --disable-libcaca --disable-libmfx --disable-omx --enable-gnutls --enable-libaom --enable-libass --enable-libbs2b --enable-libcdio --enable-libcodec2 --enable-libdav1d --enable-libflite --enable-libfontconfig --enable-libfreetype --enable-libfribidi --enable-libglslang --enable-libgme --enable-libgsm --enable-libharfbuzz --enable-libmp3lame --enable-libmysofa --enable-libopenjpeg --enable-libopenmpt --enable-libopus --enable-librubberband --enable-libshine --enable-libsnappy --enable-libsoxr --enable-libspeex --enable-libtheora --enable-libtwolame --enable-libvidstab --enable-libvorbis --enable-libvpx --enable-libwebp --enable-libx265 --enable-libxml2 --enable-libxvid --enable-libzimg --enable-openal --enable-opencl --enable-opengl --disable-sndio --enable-libvpl --enable-libdc1394 --enable-libdrm --enable-libiec61883 --enable-chromaprint --enable-frei0r --enable-ladspa --enable-libbluray --enable-libdvdnav --enable-libdvdread --enable-libjack --enable-libjxl --enable-libpulse --enable-librabbitmq --enable-librist --enable-libsrt --enable-libssh --enable-libsvtav1 --enable-libx264 --enable-libzmq --enable-libzvbi --enable-lv2 --enable-sdl2 --enable-libplacebo --enable-librav1e --enable-librsvg --enable-shared
  libavutil      60.  8.100 / 60.  8.100
  libavcodec     62. 11.100 / 62. 11.100
  libavformat    62.  3.100 / 62.  3.100
  libavdevice    62.  1.100 / 62.  1.100
  libavfilter    11.  4.100 / 11.  4.100
  libswscale      9.  1.100 /  9.  1.100
  libswresample   6.  1.100 /  6.  1.100
[aist#0:1/pcm_s32le @ 0x63057309f800] Guessed Channel Layout: stereo
Input #0, avi, from '/opt/g-harness/workspace/G12/node_1_step_112/repo/evidence/run2/movie.avi':
  Duration: 00:00:07.00, start: 0.000000, bitrate: 16020 kb/s
  Stream #0:0: Video: mjpeg (Baseline) (MJPG / 0x47504A4D), yuvj420p(pc, bt470bg/unknown/unknown), 960x540 [SAR 1:1 DAR 16:9], 12956 kb/s, 60 fps, 60 tbr, 60 tbn
  Stream #0:1: Audio: pcm_s32le ([1][0][0][0] / 0x0001), 48000 Hz, stereo, s32, 3072 kb/s
Stream mapping:
  Stream #0:0 -> #0:0 (mjpeg (native) -> png (native))
Press [q] to stop, [?] for help
[swscaler @ 0x70ded8013300] deprecated pixel format used, make sure you did set range correctly
Output #0, image2, to '/opt/g-harness/workspace/G12/node_1_step_112/repo/evidence/run2/collision.png':
  Metadata:
    encoder         : Lavf62.3.100
  Stream #0:0: Video: png, rgb24(pc, gbr/unknown/unknown, progressive), 960x540 [SAR 1:1 DAR 16:9], q=2-31, 200 kb/s, 60 fps, 60 tbn
    Metadata:
      encoder         : Lavc62.11.100 png
[out#0/image2 @ 0x63057309fa00] video:132KiB audio:0KiB subtitle:0KiB other streams:0KiB global headers:0KiB muxing overhead: unknown
frame=    1 fps=0.0 q=-0.0 Lsize=N/A time=00:00:00.01 bitrate=N/A speed=0.677x elapsed=0:00:00.02    
ffmpeg version 8.0.1-3ubuntu2 Copyright (c) 2000-2025 the FFmpeg developers
  built with gcc 15 (Ubuntu 15.2.0-13ubuntu3)
  configuration: --prefix=/usr --extra-version=3ubuntu2 --toolchain=hardened --libdir=/usr/lib/x86_64-linux-gnu --incdir=/usr/include/x86_64-linux-gnu --arch=amd64 --enable-gpl --disable-stripping --disable-pocketsphinx --disable-libcaca --disable-libmfx --disable-omx --enable-gnutls --enable-libaom --enable-libass --enable-libbs2b --enable-libcdio --enable-libcodec2 --enable-libdav1d --enable-libflite --enable-libfontconfig --enable-libfreetype --enable-libfribidi --enable-libglslang --enable-libgme --enable-libgsm --enable-libharfbuzz --enable-libmp3lame --enable-libmysofa --enable-libopenjpeg --enable-libopenmpt --enable-libopus --enable-librubberband --enable-libshine --enable-libsnappy --enable-libsoxr --enable-libspeex --enable-libtheora --enable-libtwolame --enable-libvidstab --enable-libvorbis --enable-libvpx --enable-libwebp --enable-libx265 --enable-libxml2 --enable-libxvid --enable-libzimg --enable-openal --enable-opencl --enable-opengl --disable-sndio --enable-libvpl --enable-libdc1394 --enable-libdrm --enable-libiec61883 --enable-chromaprint --enable-frei0r --enable-ladspa --enable-libbluray --enable-libdvdnav --enable-libdvdread --enable-libjack --enable-libjxl --enable-libpulse --enable-librabbitmq --enable-librist --enable-libsrt --enable-libssh --enable-libsvtav1 --enable-libx264 --enable-libzmq --enable-libzvbi --enable-lv2 --enable-sdl2 --enable-libplacebo --enable-librav1e --enable-librsvg --enable-shared
  libavutil      60.  8.100 / 60.  8.100
  libavcodec     62. 11.100 / 62. 11.100
  libavformat    62.  3.100 / 62.  3.100
  libavdevice    62.  1.100 / 62.  1.100
  libavfilter    11.  4.100 / 11.  4.100
  libswscale      9.  1.100 /  9.  1.100
  libswresample   6.  1.100 /  6.  1.100
[aist#0:1/pcm_s32le @ 0x5c4d2e1fd800] Guessed Channel Layout: stereo
Input #0, avi, from '/opt/g-harness/workspace/G12/node_1_step_112/repo/evidence/run2/movie.avi':
  Duration: 00:00:07.00, start: 0.000000, bitrate: 16020 kb/s
  Stream #0:0: Video: mjpeg (Baseline) (MJPG / 0x47504A4D), yuvj420p(pc, bt470bg/unknown/unknown), 960x540 [SAR 1:1 DAR 16:9], 12956 kb/s, 60 fps, 60 tbr, 60 tbn
  Stream #0:1: Audio: pcm_s32le ([1][0][0][0] / 0x0001), 48000 Hz, stereo, s32, 3072 kb/s
Stream mapping:
  Stream #0:0 -> #0:0 (mjpeg (native) -> png (native))
Press [q] to stop, [?] for help
[swscaler @ 0x7cc3dc013300] deprecated pixel format used, make sure you did set range correctly
Output #0, image2, to '/opt/g-harness/workspace/G12/node_1_step_112/repo/evidence/run2/settled.png':
  Metadata:
    encoder         : Lavf62.3.100
  Stream #0:0: Video: png, rgb24(pc, gbr/unknown/unknown, progressive), 960x540 [SAR 1:1 DAR 16:9], q=2-31, 200 kb/s, 60 fps, 60 tbn
    Metadata:
      encoder         : Lavc62.11.100 png
[out#0/image2 @ 0x5c4d2e1fda00] video:134KiB audio:0KiB subtitle:0KiB other streams:0KiB global headers:0KiB muxing overhead: unknown
frame=    1 fps=0.0 q=-0.0 Lsize=N/A time=00:00:00.01 bitrate=N/A speed=0.699x elapsed=0:00:00.02    
ffmpeg version 8.0.1-3ubuntu2 Copyright (c) 2000-2025 the FFmpeg developers
  built with gcc 15 (Ubuntu 15.2.0-13ubuntu3)
  configuration: --prefix=/usr --extra-version=3ubuntu2 --toolchain=hardened --libdir=/usr/lib/x86_64-linux-gnu --incdir=/usr/include/x86_64-linux-gnu --arch=amd64 --enable-gpl --disable-stripping --disable-pocketsphinx --disable-libcaca --disable-libmfx --disable-omx --enable-gnutls --enable-libaom --enable-libass --enable-libbs2b --enable-libcdio --enable-libcodec2 --enable-libdav1d --enable-libflite --enable-libfontconfig --enable-libfreetype --enable-libfribidi --enable-libglslang --enable-libgme --enable-libgsm --enable-libharfbuzz --enable-libmp3lame --enable-libmysofa --enable-libopenjpeg --enable-libopenmpt --enable-libopus --enable-librubberband --enable-libshine --enable-libsnappy --enable-libsoxr --enable-libspeex --enable-libtheora --enable-libtwolame --enable-libvidstab --enable-libvorbis --enable-libvpx --enable-libwebp --enable-libx265 --enable-libxml2 --enable-libxvid --enable-libzimg --enable-openal --enable-opencl --enable-opengl --disable-sndio --enable-libvpl --enable-libdc1394 --enable-libdrm --enable-libiec61883 --enable-chromaprint --enable-frei0r --enable-ladspa --enable-libbluray --enable-libdvdnav --enable-libdvdread --enable-libjack --enable-libjxl --enable-libpulse --enable-librabbitmq --enable-librist --enable-libsrt --enable-libssh --enable-libsvtav1 --enable-libx264 --enable-libzmq --enable-libzvbi --enable-lv2 --enable-sdl2 --enable-libplacebo --enable-librav1e --enable-librsvg --enable-shared
  libavutil      60.  8.100 / 60.  8.100
  libavcodec     62. 11.100 / 62. 11.100
  libavformat    62.  3.100 / 62.  3.100
  libavdevice    62.  1.100 / 62.  1.100
  libavfilter    11.  4.100 / 11.  4.100
  libswscale      9.  1.100 /  9.  1.100
  libswresample   6.  1.100 /  6.  1.100
[aist#0:1/pcm_s32le @ 0x56ac09147e00] Guessed Channel Layout: stereo
Input #0, avi, from '/opt/g-harness/workspace/G12/node_1_step_112/repo/evidence/run2/movie.avi':
  Duration: 00:00:07.00, start: 0.000000, bitrate: 16020 kb/s
  Stream #0:0: Video: mjpeg (Baseline) (MJPG / 0x47504A4D), yuvj420p(pc, bt470bg/unknown/unknown), 960x540 [SAR 1:1 DAR 16:9], 12956 kb/s, 60 fps, 60 tbr, 60 tbn
  Stream #0:1: Audio: pcm_s32le ([1][0][0][0] / 0x0001), 48000 Hz, stereo, s32, 3072 kb/s
Stream mapping:
  Stream #0:0 -> #0:0 (mjpeg (native) -> h264 (libx264))
  Stream #0:1 -> #0:1 (pcm_s32le (native) -> aac (native))
Press [q] to stop, [?] for help
[swscaler @ 0x7ec8d80569c0] deprecated pixel format used, make sure you did set range correctly
[libx264 @ 0x56ac09148bc0] using SAR=1/1
[libx264 @ 0x56ac09148bc0] using cpu capabilities: MMX2 SSE2Fast SSSE3 SSE4.2 AVX FMA3 BMI2 AVX2 AVX512
[libx264 @ 0x56ac09148bc0] profile High, level 3.2, 4:2:0, 8-bit
[libx264 @ 0x56ac09148bc0] 264 - core 165 - H.264/MPEG-4 AVC codec - Copyleft 2003-2025 - http://www.videolan.org/x264.html - options: cabac=1 ref=3 deblock=1:0:0 analyse=0x3:0x113 me=hex subme=7 psy=1 psy_rd=1.00:0.00 mixed_ref=1 me_range=16 chroma_me=1 trellis=1 8x8dct=1 cqm=0 deadzone=21,11 fast_pskip=1 chroma_qp_offset=-2 threads=6 lookahead_threads=1 sliced_threads=0 nr=0 decimate=1 interlaced=0 bluray_compat=0 constrained_intra=0 bframes=3 b_pyramid=2 b_adapt=1 b_bias=0 direct=1 weightb=1 open_gop=0 weightp=2 keyint=250 keyint_min=25 scenecut=40 intra_refresh=0 rc_lookahead=40 rc=crf mbtree=1 crf=23.0 qcomp=0.60 qpmin=0 qpmax=69 qpstep=4 ip_ratio=1.40 aq=1:1.00
Output #0, mp4, to '/opt/g-harness/workspace/G12/node_1_step_112/repo/evidence/run2/probe.mp4':
  Metadata:
    encoder         : Lavf62.3.100
  Stream #0:0: Video: h264 (avc1 / 0x31637661), yuv420p(pc, bt470bg/unknown/unknown, progressive), 960x540 [SAR 1:1 DAR 16:9], q=2-31, 60 fps, 15360 tbn
    Metadata:
      encoder         : Lavc62.11.100 libx264
    Side data:
      cpb: bitrate max/min/avg: 0/0/0 buffer size: 0 vbv_delay: N/A
  Stream #0:1: Audio: aac (LC) (mp4a / 0x6134706D), 48000 Hz, stereo, fltp, 128 kb/s
    Metadata:
      encoder         : Lavc62.11.100 aac
frame=  221 fps=0.0 q=31.0 size=       0KiB time=00:00:03.65 bitrate=   0.1kbits/s speed= 7.3x elapsed=0:00:00.50    [out#0/mp4 @ 0x56ac091480c0] video:184KiB audio:54KiB subtitle:0KiB other streams:0KiB global headers:0KiB muxing overhead: 5.174180%
frame=  420 fps=0.0 q=-1.0 Lsize=     251KiB time=00:00:06.96 bitrate= 294.7kbits/s speed=9.32x elapsed=0:00:00.74    
[libx264 @ 0x56ac09148bc0] frame I:2     Avg QP:14.67  size: 19718
[libx264 @ 0x56ac09148bc0] frame P:107   Avg QP:17.60  size:   695
[libx264 @ 0x56ac09148bc0] frame B:311   Avg QP:20.98  size:   239
[libx264 @ 0x56ac09148bc0] consecutive B-frames:  0.7%  1.0%  2.1% 96.2%
[libx264 @ 0x56ac09148bc0] mb I  I16..4: 34.6% 62.0%  3.4%
[libx264 @ 0x56ac09148bc0] mb P  I16..4:  0.0%  0.1%  0.0%  P16..4:  0.3%  0.3%  0.3%  0.0%  0.0%    skip:99.1%
[libx264 @ 0x56ac09148bc0] mb B  I16..4:  0.0%  0.0%  0.0%  B16..8:  0.4%  0.2%  0.1%  direct: 0.2%  skip:99.2%  L0:41.7% L1:39.1% BI:19.3%
[libx264 @ 0x56ac09148bc0] 8x8 transform intra:61.5% inter:34.8%
[libx264 @ 0x56ac09148bc0] coded y,uvDC,uvAC intra: 17.5% 13.6% 6.1% inter: 0.3% 0.4% 0.3%
[libx264 @ 0x56ac09148bc0] i16 v,h,dc,p: 84%  6% 10%  0%
[libx264 @ 0x56ac09148bc0] i8 v,h,dc,ddl,ddr,vr,hd,vl,hu: 51% 17% 20%  2%  1%  1%  4%  1%  2%
[libx264 @ 0x56ac09148bc0] i4 v,h,dc,ddl,ddr,vr,hd,vl,hu: 27% 21% 20%  3%  4%  5%  6%  4% 11%
[libx264 @ 0x56ac09148bc0] i8c dc,h,v,p: 76% 14% 10%  1%
[libx264 @ 0x56ac09148bc0] Weighted P-Frames: Y:0.0% UV:0.0%
[libx264 @ 0x56ac09148bc0] ref P L0: 59.2%  9.6% 16.7% 14.5%
[libx264 @ 0x56ac09148bc0] ref B L0: 82.6% 14.0%  3.4%
[libx264 @ 0x56ac09148bc0] ref B L1: 97.2%  2.8%
[libx264 @ 0x56ac09148bc0] kb/s:214.97
[aac @ 0x56ac0913f580] Qavg: 42704.453
