Godot Engine v4.5.1.stable.official.f62fdbde1 - https://godotengine.org
WARNING: Could not set V-Sync mode, as changing V-Sync mode is not supported by the graphics driver.
     at: set_use_vsync (platform/linuxbsd/x11/gl_manager_x11.cpp:364)
OpenGL API 4.5 (Core Profile) Mesa 26.0.8-1ubuntu0.3 - Compatibility - Using Device: Mesa - llvmpipe (LLVM 21.1.8, 256 bits)

ERROR: OPPOSITION_ASSERT aim_36_ticks
   at: push_error (core/variant/variant_utility.cpp:1024)
   GDScript backtrace (most recent call first):
       [0] check (res://tests/opposition_tests.gd:25)
       [1] focused (res://tests/opposition_tests.gd:201)
       [2] wait_ticks (res://tests/opposition_tests.gd:170)
ERROR: OPPOSITION_ASSERT counterfire_interrupts_telegraphed_attack
   at: push_error (core/variant/variant_utility.cpp:1024)
   GDScript backtrace (most recent call first):
       [0] check (res://tests/opposition_tests.gd:25)
       [1] focused (res://tests/opposition_tests.gd:284)
       [2] wait_ticks (res://tests/opposition_tests.gd:170)
ERROR: OPPOSITION_ASSERT counterfire_preserves_health
   at: push_error (core/variant/variant_utility.cpp:1024)
   GDScript backtrace (most recent call first):
       [0] check (res://tests/opposition_tests.gd:25)
       [1] focused (res://tests/opposition_tests.gd:285)
       [2] wait_ticks (res://tests/opposition_tests.gd:170)
OPPOSITION_TEST_DONE scenario=focused checks=38 failures=3 ticks=1264 health=100
