Godot Engine v4.5.1.stable.official.f62fdbde1 - https://godotengine.org
WARNING: Could not set V-Sync mode, as changing V-Sync mode is not supported by the graphics driver.
     at: set_use_vsync (platform/linuxbsd/x11/gl_manager_x11.cpp:364)
OpenGL API 4.5 (Core Profile) Mesa 26.0.8-1ubuntu0.3 - Compatibility - Using Device: Mesa - llvmpipe (LLVM 21.1.8, 256 bits)

ERROR: DESTRUCTION_ASSERT all_32_contact
   at: push_error (core/variant/variant_utility.cpp:1024)
   GDScript backtrace (most recent call first):
       [0] check (res://tests/destruction_tests.gd:29)
       [1] _physics_process (res://tests/destruction_tests.gd:136)
ERROR: DESTRUCTION_ASSERT all_32_bounce
   at: push_error (core/variant/variant_utility.cpp:1024)
   GDScript backtrace (most recent call first):
       [0] check (res://tests/destruction_tests.gd:29)
       [1] _physics_process (res://tests/destruction_tests.gd:136)
ERROR: DESTRUCTION_ASSERT all_32_tumble
   at: push_error (core/variant/variant_utility.cpp:1024)
   GDScript backtrace (most recent call first):
       [0] check (res://tests/destruction_tests.gd:29)
       [1] _physics_process (res://tests/destruction_tests.gd:136)
ERROR: DESTRUCTION_ASSERT all_32_sleep
   at: push_error (core/variant/variant_utility.cpp:1024)
   GDScript backtrace (most recent call first):
       [0] check (res://tests/destruction_tests.gd:29)
       [1] _physics_process (res://tests/destruction_tests.gd:136)
ERROR: DESTRUCTION_ASSERT render_batch_matches_sleeping_rigid_poses
   at: push_error (core/variant/variant_utility.cpp:1024)
   GDScript backtrace (most recent call first):
       [0] check (res://tests/destruction_tests.gd:29)
       [1] _physics_process (res://tests/destruction_tests.gd:143)
DESTRUCTION_TEST_DONE checks=34 failures=5 ticks=1721
