WorkerThreadPool: 4 threads, 1 max low-priority.
Godot Engine v4.5.1.stable.official.f62fdbde1 - https://godotengine.org
TextServer: Added interface "Dummy"
TextServer: Added interface "ICU / HarfBuzz / Graphite (Built-in)"
Unrecognized output string "misc2" in mapping:
030000000d0f0000ab01000011010000,Horipad Steam,a:b0,b:b1,back:b10,dpdown:h0.4,dpleft:h0.8,dpright:h0.2,dpup:h0.1,guide:b12,leftshoulder:b6,leftstick:b13,lefttrigger:a5,leftx:a0,lefty:a1,misc2:b2,paddle1:b19,paddle2:b18,paddle3:b15,paddle4:b5,rightshoulder:b7,rightstick:b14,righttrigger:a4,rightx:a2,righty:a3,start:b11,x:b3,y:b4,platform:Linux,
Unrecognized output string "misc2" in mapping:
050000000d0f00009601000091000000,Horipad Steam,a:b0,b:b1,back:b10,dpdown:h0.4,dpleft:h0.8,dpright:h0.2,dpup:h0.1,guide:b12,leftshoulder:b6,leftstick:b13,lefttrigger:a5,leftx:a0,lefty:a1,misc2:b2,paddle1:b19,paddle2:b18,paddle3:b15,paddle4:b5,rightshoulder:b7,rightstick:b14,righttrigger:a4,rightx:a2,righty:a3,start:b11,x:b3,y:b4,platform:Linux,
Unrecognized output string "misc2" in mapping:
030000007e0500006920000011010000,Nintendo Switch 2 Pro Controller,a:b0,b:b1,back:b14,dpdown:b8,dpleft:b10,dpright:b9,dpup:b11,guide:b16,leftshoulder:b12,leftstick:b15,lefttrigger:b13,leftx:a0,lefty:a1~,misc1:b17,misc2:b20,paddle1:b18,paddle2:b19,rightshoulder:b4,rightstick:b7,righttrigger:b5,rightx:a2,righty:a3~,start:b6,x:b2,y:b3,platform:Linux,
SDL: Init OK!
Xshape 1.1 detected.
Xinerama 1.1 detected.
Xrandr 1.6 detected.
Xrender 0.11 detected.
Xinput 2.2 detected.
XInput: Refreshing devices.
XInput: No touch devices found.
Detecting GPUs, set DRI_PRIME in the environment to override GPU detection logic.
Only one GPU found, using default.
WARNING: Could not set V-Sync mode, as changing V-Sync mode is not supported by the graphics driver.
     at: set_use_vsync (platform/linuxbsd/x11/gl_manager_x11.cpp:364)
XcursorGetTheme could not get cursor theme
Failed loading custom cursor: crossed_circle
DBus 1.16.2 detected.
Using "default" pen tablet driver...
Shader 'CanvasSdfShaderGLES3' SHA256: c0da5c3626a799cc1c47f8b193beeb6a6ac3add331d6f2f422482ab76470cac4
Shader 'SkeletonShaderGLES3' SHA256: d8b00cec8474173bbde44190bdf20935f3771c5033d1d9aa73f61ac4bc857c72
Shader 'ParticlesShaderGLES3' SHA256: ec4d2801c069bd692f8e7643b5e45dcee45bfcb1e5793f85f47e14ec956c8d9e
Shader 'ParticlesCopyShaderGLES3' SHA256: 8da60651bc1d00dd6b9d4ec66638b2921feade65f45c9796a2878facde259352
Shader 'CopyShaderGLES3' SHA256: 9e43c80d5a04be55b43ab2338e8da8f5b0f20618a3e869928272b954afcff6fe
Shader 'CubemapFilterShaderGLES3' SHA256: a143c126b575479e0e0a642842b83a9b97ca031672d83525cacb79f00b041cf4
Shader 'GlowShaderGLES3' SHA256: de6382d17e8414e63ca5f3fbec612c6dc7b05cfa3639a891da4345508a59aa06
Shader 'PostShaderGLES3' SHA256: 907f5f5388055d7fedef256127241995e5d797ba6b0616cba4cc6040697a9c1d
Shader 'FeedShaderGLES3' SHA256: 37a956d1fa2424db9cc4da95128f7750da7138107b45bfd8dc4c00b472c38603
Shader 'CanvasShaderGLES3' SHA256: d6f43d7e0fbc440290f0c3a77cf0f40066898da0fbdcc46f8b51b2aedaf2b191
Shader 'CanvasOcclusionShaderGLES3' SHA256: cedddbf44383eab6a6227385506d05b8c808deb5aaf654961d66f13bdf375270
Shader 'SceneShaderGLES3' SHA256: 926d7ef5f331286ebab4e4c2e582064fbbc800752e71ebc08c6a8145043adbb2
Shader 'SkyShaderGLES3' SHA256: d8981c9188fff205d35eec47df6b210b99edbc36d7d03b8e107b4897b16b7ebc
OpenGL API 4.5 (Core Profile) Mesa 26.0.8-1ubuntu0.3 - Compatibility - Using Device: Mesa - llvmpipe (LLVM 21.1.8, 256 bits)

TextServer: Primary interface set to: "ICU / HarfBuzz / Graphite (Built-in)".
CORE API HASH: 937899573
EDITOR API HASH: 1777164193
SceneTreeFTI: traversal method DEFAULT
Loaded system CA certificates
Loading resource: res://opposition.tscn
Loading resource: res://opposition_session.gd
Loading resource: res://debris_surface.gdshader
Movie Maker mode enabled, recording movie at 60 FPS...
Loading resource: res://audio/break_0.wav
Loading resource: res://.godot/imported/break_0.wav-cae6f5f11f4bf49b7008511b630c7f57.sample
Loading resource: res://audio/break_1.wav
Loading resource: res://.godot/imported/break_1.wav-6eebdba459f6cd5e4503c8ed809b5703.sample
Loading resource: res://audio/break_2.wav
Loading resource: res://.godot/imported/break_2.wav-fba6d92593c846d9badadfe65cda577e.sample
Loading resource: res://audio/break_3.wav
Loading resource: res://.godot/imported/break_3.wav-7c157000e83a3a20262ee1174a0eab5b.sample
Loading resource: res://audio/impact_0.wav
Loading resource: res://.godot/imported/impact_0.wav-eacaee4c4453f4c869325a84f2ea3e1a.sample
Loading resource: res://audio/impact_1.wav
Loading resource: res://.godot/imported/impact_1.wav-54886d27ac7d385dc4fc31086cae575e.sample
Loading resource: res://audio/impact_2.wav
Loading resource: res://.godot/imported/impact_2.wav-36fb21a5ccbee7be13db99c1fb5dbc45.sample
Loading resource: res://audio/impact_3.wav
Loading resource: res://.godot/imported/impact_3.wav-a5ec8551427f5759e9d701ee2c7269c8.sample
Loading resource: res://audio/impact_4.wav
Loading resource: res://.godot/imported/impact_4.wav-72e025a74ee69008090c4b31e76a00a4.sample
Loading resource: res://audio/impact_5.wav
Loading resource: res://.godot/imported/impact_5.wav-f71c28e03ff4d49df3f0d3175b9a093a.sample
SOUND_OUTPUT driver=Dummy device=Default (routing diagnostic, NOT proof of listening)
Loading resource: res://tests/natural_play.gd
NATURAL_END finished generation=3 phase=0 state=0
--------------------------------------------------------------------------------
Done recording movie at path: /opt/g-harness/workspace/G12/node_13_step_154/repo/evidence/n13-final-movie/game.avi
2780 frames at 60 FPS (movie length: 00:00:46:20), recorded in 00:01:54 (40% of real-time speed).
CPU render time: 61.98 seconds (average: 22.29 ms/frame)
GPU render time: 62.44 seconds (average: 22.46 ms/frame)
Encoding time: 26.04 seconds (average: 9.37 ms/frame)
--------------------------------------------------------------------------------
XR: Clearing primary interface
XR: Removed interface "Native mobile"
XR: Removed interface "OpenXR"

{"returncode": 0, "wall_seconds": 115.500267635005, "output": "/opt/g-harness/workspace/G12/node_13_step_154/repo/evidence/n13-final-movie"}
