Godot Engine v4.5.1.stable.official.f62fdbde1 - https://godotengine.org
WARNING: Could not set V-Sync mode, as changing V-Sync mode is not supported by the graphics driver.
     at: set_use_vsync (platform/linuxbsd/x11/gl_manager_x11.cpp:364)
OpenGL API 4.5 (Core Profile) Mesa 26.0.8-1ubuntu0.3 - Compatibility - Using Device: Mesa - llvmpipe (LLVM 21.1.8, 256 bits)

SOUND_OUTPUT driver=Dummy device=Default (routing diagnostic, NOT proof of listening)
INTEGRATION_ASSERT default_launch / actual_default_main_scene PASS
INTEGRATION_ASSERT default_launch / linux_rendered_production_services PASS
INTEGRATION_ASSERT default_launch / capture_default-playing PASS
INTEGRATION_ASSERT default_launch / R_ignored_while_playing PASS
INTEGRATION_ASSERT default_launch / normal_input_combat_destroys_pylon_and_routes_sound PASS
INTEGRATION_ASSERT default_launch / production_opposition_spawns PASS
INTEGRATION_ASSERT default_launch / pause_hud_live_bindings PASS
INTEGRATION_ASSERT default_launch / pause_freezes_all_active_timers_and_world PASS
INTEGRATION_ASSERT default_launch / capture_paused-visible PASS
INTEGRATION_ASSERT default_launch / capture_paused-hud-hidden PASS
INTEGRATION_ASSERT default_launch / capture_paused-panel-hidden PASS
INTEGRATION_ASSERT default_launch / capture_paused-restored PASS
INTEGRATION_ASSERT default_launch / capture_extraction-locked PASS
INTEGRATION_ASSERT default_launch / capture_locked-marker-hidden PASS
INTEGRATION_ASSERT default_launch / capture_locked-marker-restored PASS
INTEGRATION_ASSERT default_launch / capture_paused-4x3 PASS
INTEGRATION_ASSERT default_launch / hud_and_panel_fit_4x3 PASS
INTEGRATION_ASSERT default_launch / resume_advances_without_resurrecting_held_controls PASS
INTEGRATION_ASSERT forced_terminal_cycle_0 / retry_has_live_opposition PASS
INTEGRATION_ASSERT forced_terminal_cycle_0 / fixture_dirty_live_domains PASS
INTEGRATION_ASSERT forced_terminal_cycle_0 / terminal_correct_and_single_callback PASS
INTEGRATION_ASSERT forced_terminal_cycle_0 / terminal_health_time_reason_hud PASS
INTEGRATION_ASSERT forced_terminal_cycle_0 / terminal_idempotent_and_cannot_resume PASS
INTEGRATION_ASSERT forced_terminal_cycle_0 / capture_victory-fixture PASS
INTEGRATION_ASSERT forced_terminal_cycle_0 / capture_extraction-open-fixture PASS
INTEGRATION_ASSERT forced_terminal_cycle_0 / capture_victory-marker-hidden PASS
INTEGRATION_ASSERT forced_terminal_cycle_0 / capture_victory-marker-restored PASS
INTEGRATION_ASSERT forced_terminal_cycle_0 / fresh_player_clock_and_input PASS
INTEGRATION_ASSERT forced_terminal_cycle_0 / cooldowns_shots_and_damage_feedback_reset PASS
INTEGRATION_ASSERT forced_terminal_cycle_0 / three_fresh_solid_pylons_and_locked_exit PASS
INTEGRATION_ASSERT forced_terminal_cycle_0 / prior_objects_freed PASS
INTEGRATION_ASSERT forced_terminal_cycle_0 / bolts_debris_voices_cleared_immediately PASS
INTEGRATION_ASSERT forced_terminal_cycle_0 / opposition_seed_clock_warnings_restored PASS
INTEGRATION_ASSERT forced_terminal_cycle_0 / no_node_bus_or_callback_growth PASS
INTEGRATION_ASSERT forced_terminal_cycle_0 / hud_reset_before_return PASS
INTEGRATION_ASSERT forced_terminal_cycle_0 / exactly_one_reset_notification_each PASS
INTEGRATION_ASSERT forced_terminal_cycle_0 / playing_observers_see_complete_reset PASS
INTEGRATION_ASSERT forced_terminal_cycle_0 / no_stale_fire_or_dash_after_retry PASS
INTEGRATION_ASSERT forced_terminal_cycle_0 / fresh_input_moves_and_fires_once_after_retry PASS
INTEGRATION_ASSERT forced_terminal_cycle_1 / retry_has_live_opposition PASS
INTEGRATION_ASSERT forced_terminal_cycle_1 / fixture_dirty_live_domains PASS
INTEGRATION_ASSERT forced_terminal_cycle_1 / terminal_correct_and_single_callback PASS
INTEGRATION_ASSERT forced_terminal_cycle_1 / terminal_health_time_reason_hud PASS
INTEGRATION_ASSERT forced_terminal_cycle_1 / terminal_idempotent_and_cannot_resume PASS
INTEGRATION_ASSERT forced_terminal_cycle_1 / capture_death-fixture PASS
INTEGRATION_ASSERT forced_terminal_cycle_1 / fresh_player_clock_and_input PASS
INTEGRATION_ASSERT forced_terminal_cycle_1 / cooldowns_shots_and_damage_feedback_reset PASS
INTEGRATION_ASSERT forced_terminal_cycle_1 / three_fresh_solid_pylons_and_locked_exit PASS
INTEGRATION_ASSERT forced_terminal_cycle_1 / prior_objects_freed PASS
INTEGRATION_ASSERT forced_terminal_cycle_1 / bolts_debris_voices_cleared_immediately PASS
INTEGRATION_ASSERT forced_terminal_cycle_1 / opposition_seed_clock_warnings_restored PASS
INTEGRATION_ASSERT forced_terminal_cycle_1 / no_node_bus_or_callback_growth PASS
INTEGRATION_ASSERT forced_terminal_cycle_1 / hud_reset_before_return PASS
INTEGRATION_ASSERT forced_terminal_cycle_1 / exactly_one_reset_notification_each PASS
INTEGRATION_ASSERT forced_terminal_cycle_1 / playing_observers_see_complete_reset PASS
INTEGRATION_ASSERT forced_terminal_cycle_1 / no_stale_fire_or_dash_after_retry PASS
INTEGRATION_ASSERT forced_terminal_cycle_1 / fresh_input_moves_and_fires_once_after_retry PASS
INTEGRATION_ASSERT forced_terminal_cycle_2 / retry_has_live_opposition PASS
INTEGRATION_ASSERT forced_terminal_cycle_2 / fixture_dirty_live_domains PASS
INTEGRATION_ASSERT forced_terminal_cycle_2 / terminal_correct_and_single_callback PASS
INTEGRATION_ASSERT forced_terminal_cycle_2 / terminal_health_time_reason_hud PASS
INTEGRATION_ASSERT forced_terminal_cycle_2 / terminal_idempotent_and_cannot_resume PASS
INTEGRATION_ASSERT forced_terminal_cycle_2 / capture_timeout-fixture PASS
INTEGRATION_ASSERT forced_terminal_cycle_2 / fresh_player_clock_and_input PASS
INTEGRATION_ASSERT forced_terminal_cycle_2 / cooldowns_shots_and_damage_feedback_reset PASS
INTEGRATION_ASSERT forced_terminal_cycle_2 / three_fresh_solid_pylons_and_locked_exit PASS
INTEGRATION_ASSERT forced_terminal_cycle_2 / prior_objects_freed PASS
INTEGRATION_ASSERT forced_terminal_cycle_2 / bolts_debris_voices_cleared_immediately PASS
INTEGRATION_ASSERT forced_terminal_cycle_2 / opposition_seed_clock_warnings_restored PASS
INTEGRATION_ASSERT forced_terminal_cycle_2 / no_node_bus_or_callback_growth PASS
INTEGRATION_ASSERT forced_terminal_cycle_2 / hud_reset_before_return PASS
INTEGRATION_ASSERT forced_terminal_cycle_2 / exactly_one_reset_notification_each PASS
INTEGRATION_ASSERT forced_terminal_cycle_2 / playing_observers_see_complete_reset PASS
INTEGRATION_ASSERT forced_terminal_cycle_2 / no_stale_fire_or_dash_after_retry PASS
INTEGRATION_ASSERT forced_terminal_cycle_2 / fresh_input_moves_and_fires_once_after_retry PASS
INTEGRATION_ASSERT forced_terminal_cycle_3 / retry_has_live_opposition PASS
INTEGRATION_ASSERT forced_terminal_cycle_3 / fixture_dirty_live_domains PASS
INTEGRATION_ASSERT forced_terminal_cycle_3 / terminal_correct_and_single_callback PASS
INTEGRATION_ASSERT forced_terminal_cycle_3 / terminal_health_time_reason_hud PASS
INTEGRATION_ASSERT forced_terminal_cycle_3 / terminal_idempotent_and_cannot_resume PASS
INTEGRATION_ASSERT forced_terminal_cycle_3 / fresh_player_clock_and_input PASS
INTEGRATION_ASSERT forced_terminal_cycle_3 / cooldowns_shots_and_damage_feedback_reset PASS
INTEGRATION_ASSERT forced_terminal_cycle_3 / three_fresh_solid_pylons_and_locked_exit PASS
INTEGRATION_ASSERT forced_terminal_cycle_3 / prior_objects_freed PASS
INTEGRATION_ASSERT forced_terminal_cycle_3 / bolts_debris_voices_cleared_immediately PASS
INTEGRATION_ASSERT forced_terminal_cycle_3 / opposition_seed_clock_warnings_restored PASS
INTEGRATION_ASSERT forced_terminal_cycle_3 / no_node_bus_or_callback_growth PASS
INTEGRATION_ASSERT forced_terminal_cycle_3 / hud_reset_before_return PASS
INTEGRATION_ASSERT forced_terminal_cycle_3 / exactly_one_reset_notification_each PASS
INTEGRATION_ASSERT forced_terminal_cycle_3 / playing_observers_see_complete_reset PASS
INTEGRATION_ASSERT forced_terminal_cycle_3 / no_stale_fire_or_dash_after_retry PASS
INTEGRATION_ASSERT forced_terminal_cycle_3 / fresh_input_moves_and_fires_once_after_retry PASS
INTEGRATION_ASSERT forced_terminal_cycle_4 / retry_has_live_opposition PASS
INTEGRATION_ASSERT forced_terminal_cycle_4 / fixture_dirty_live_domains PASS
INTEGRATION_ASSERT forced_terminal_cycle_4 / terminal_correct_and_single_callback PASS
INTEGRATION_ASSERT forced_terminal_cycle_4 / terminal_health_time_reason_hud PASS
INTEGRATION_ASSERT forced_terminal_cycle_4 / terminal_idempotent_and_cannot_resume PASS
INTEGRATION_ASSERT forced_terminal_cycle_4 / fresh_player_clock_and_input PASS
INTEGRATION_ASSERT forced_terminal_cycle_4 / cooldowns_shots_and_damage_feedback_reset PASS
INTEGRATION_ASSERT forced_terminal_cycle_4 / three_fresh_solid_pylons_and_locked_exit PASS
INTEGRATION_ASSERT forced_terminal_cycle_4 / prior_objects_freed PASS
INTEGRATION_ASSERT forced_terminal_cycle_4 / bolts_debris_voices_cleared_immediately PASS
INTEGRATION_ASSERT forced_terminal_cycle_4 / opposition_seed_clock_warnings_restored PASS
INTEGRATION_ASSERT forced_terminal_cycle_4 / no_node_bus_or_callback_growth PASS
INTEGRATION_ASSERT forced_terminal_cycle_4 / hud_reset_before_return PASS
INTEGRATION_ASSERT forced_terminal_cycle_4 / exactly_one_reset_notification_each PASS
INTEGRATION_ASSERT forced_terminal_cycle_4 / playing_observers_see_complete_reset PASS
INTEGRATION_ASSERT forced_terminal_cycle_4 / no_stale_fire_or_dash_after_retry PASS
INTEGRATION_ASSERT forced_terminal_cycle_4 / fresh_input_moves_and_fires_once_after_retry PASS
INTEGRATION_ASSERT forced_terminal_cycle_5 / retry_has_live_opposition PASS
INTEGRATION_ASSERT forced_terminal_cycle_5 / fixture_dirty_live_domains PASS
INTEGRATION_ASSERT forced_terminal_cycle_5 / terminal_correct_and_single_callback PASS
INTEGRATION_ASSERT forced_terminal_cycle_5 / terminal_health_time_reason_hud PASS
INTEGRATION_ASSERT forced_terminal_cycle_5 / terminal_idempotent_and_cannot_resume PASS
INTEGRATION_ASSERT forced_terminal_cycle_5 / fresh_player_clock_and_input PASS
INTEGRATION_ASSERT forced_terminal_cycle_5 / cooldowns_shots_and_damage_feedback_reset PASS
INTEGRATION_ASSERT forced_terminal_cycle_5 / three_fresh_solid_pylons_and_locked_exit PASS
INTEGRATION_ASSERT forced_terminal_cycle_5 / prior_objects_freed PASS
INTEGRATION_ASSERT forced_terminal_cycle_5 / bolts_debris_voices_cleared_immediately PASS
INTEGRATION_ASSERT forced_terminal_cycle_5 / opposition_seed_clock_warnings_restored PASS
INTEGRATION_ASSERT forced_terminal_cycle_5 / no_node_bus_or_callback_growth PASS
INTEGRATION_ASSERT forced_terminal_cycle_5 / hud_reset_before_return PASS
INTEGRATION_ASSERT forced_terminal_cycle_5 / exactly_one_reset_notification_each PASS
INTEGRATION_ASSERT forced_terminal_cycle_5 / playing_observers_see_complete_reset PASS
INTEGRATION_ASSERT forced_terminal_cycle_5 / no_stale_fire_or_dash_after_retry PASS
INTEGRATION_ASSERT forced_terminal_cycle_5 / fresh_input_moves_and_fires_once_after_retry PASS
INTEGRATION_ASSERT final_replay / capture_final-retry-paused PASS
INTEGRATION_DONE checks=127 failures=0

{"valid": true, "output": "/opt/g-harness/workspace/G12/node_8_step_157/validation/integration", "returncode": 0}
